'gbk' codec can't encode character '\u2705' in position 1236: illegal multibyte sequence
